hey1
1
hey1
1
hey1
1
hey2
2
hey2
2
hey2
2
3
reversed1
3
reversed1
3
reversed1
4
reversed2
4
reversed2
4
reversed2
