arr[0][0] = 0.0000
arr[0][1] = 0.0000
arr[0][2] = 0.0000
arr[1][0] = 0.0000
arr[1][1] = 3.1400
arr[1][2] = 0.0000
arr[2][0] = 4.2000
arr[2][1] = 0.0000
arr[2][2] = 0.0000
