printing some random stuff
called custom constructor
called custom constructor
this is my custom tostring
1
two
3.0000
4.0000
5.0000
6
this is my custom tostring
this is my custom tostring
called method1
6
called method2
