45.1416
38.8584
131.9468
13.3690
false
true
true
false
true
true
false
false
6.2832
0.0000
9.8696
1.0000
true
true
false
false
false
true
false
true
