this is my custom to string
3
6
this is my custom to string
this is my custom to string
6
this is my custom to string
5000
5001
this is my custom to string
NULL
NULL
true
true
true
true
true
