6
7
8
9
10
10000
i forgot to set x - what will happen?
0
0
