Level order BinTree traversal:
283
343
64
845
934
6754
454
