John is father
Stephanie is mother
Jim is son
Kate is daughter
