MyClass:
static1:0
static2:hey
x:2.0000
c:h
arr:Array

NULL
