this is my custom to string
3
6
this is my custom to string
this is my custom to string
6
this is my custom to string
0
0
this is my custom to string
