NULL
true
false
50
2.2000
2
hello
c
helloc
truehello
1hello
2.2000hello
hello5
helloNULL
helloworld
hello NULL! 2+2 is equal to 4
false
true
false
-2
-2.2000
-5
4
3
25
10
1
true
false
false
true
true
false
4
3
25
10
1
true
false
false
true
true
false
4.0000
3.0000
25.0000
10.0000
1.0000
true
false
false
true
true
false
true
true
true
true
true
false
false
true
false
helloworldweareboomslang
1410065408
10000000000
batch1
false
false
true
true
false
batch2
true
false
false
false
false
batch3
true
true
false
false
true
5
5
1
1
