3 is even? false
3 is odd? true
16 is even? true
16 is odd? false
27 is even? false
27 is odd? true
35 is even? false
35 is odd? true
