4
1 -> 2 -> 3 -> 4
2 -> 3 -> 4
3 -> 4
4
NULL
NULL
2
1.0000 -> 2.0000
3
1.0000 -> 2.0000 -> 3.0000
true
false
true
